#-----------------------------------------------------------
# Vivado v2024.1 (64-bit)
# SW Build 5076996 on Wed May 22 18:37:14 MDT 2024
# IP Build 5075265 on Wed May 22 21:45:21 MDT 2024
# SharedData Build 5076995 on Wed May 22 18:29:18 MDT 2024
# Start of session at: Mon Aug  3 10:42:41 2026
# Process ID: 21944
# Current directory: E:/Downloads/CPU_pipline/miniRV_basic/miniRV.runs/IROM_synth_1
# Command line: vivado.exe -log IROM.vds -product Vivado -mode batch -messageDb vivado.pb -notrace -source IROM.tcl
# Log file: E:/Downloads/CPU_pipline/miniRV_basic/miniRV.runs/IROM_synth_1/IROM.vds
# Journal file: E:/Downloads/CPU_pipline/miniRV_basic/miniRV.runs/IROM_synth_1\vivado.jou
# Running On        :LAPTOP-U64TB2N2
# Platform          :Windows Server 2016 or Windows 10
# Operating System  :26200
# Processor Detail  :Intel(R) Core(TM) i7-14650HX
# CPU Frequency     :2419 MHz
# CPU Physical cores:16
# CPU Logical cores :24
# Host memory       :34124 MB
# Swap memory       :4563 MB
# Total Virtual     :38688 MB
# Available Virtual :10718 MB
#-----------------------------------------------------------
source IROM.tcl -notrace
